// Jest Snapshot v1, https://goo.gl/fbAQLP

exports[`demo stack matches the snapshot 1`] = `Object {}`;
